{
  "selected_quality_model": "additive",
  "parameters": {
    "E": 1.68979756291035,
    "A": 0.3539803206693151,
    "alpha": 0.3399765818933857,
    "B": 1.240305583558574,
    "beta": 0.2798781285416731,
    "G": 0.3621750241649841,
    "kappa": 0.9907350892250987
  },
  "report_numbers": {
    "cv_rmse": 0.00015117977919123092,
    "b2_rmse": 1.2430848665808627,
    "b4_rmse": 0.29266667754617204,
    "b5_rmse": 0.1975950740361276,
    "equiv_7b": 13.413034234827311,
    "large_rmse": 0.0010938278136903596
  },
  "bootstrap_replicates": 200
}
